// Jest Snapshot v1, https://goo.gl/fbAQLP

exports[`ProductFetcher Presentation should render products list screen correctly 1`] = `
<DocumentFragment>
  <div
    class="makeStyles-root-1"
    dir="rtl"
  >
    <div
      class="MuiGrid-root makeStyles-tableContainer-5"
    >
      <button
        class="MuiButtonBase-root MuiButton-root MuiButton-contained makeStyles-addButton-2 MuiButton-containedPrimary"
        id="add-product-button"
        tabindex="0"
        type="button"
      >
        <span
          class="MuiButton-label"
        >
          اضافه منتج جديد
        </span>
        <span
          class="MuiTouchRipple-root"
        />
      </button>
      <div
        class="MuiPaper-root MuiPaper-elevation4 MUIDataTable-paper-142 MuiPaper-rounded"
      >
        <div
          aria-label="Table Toolbar"
          class="MuiToolbar-root MuiToolbar-regular MUIDataTableToolbar-root-177 MuiToolbar-gutters"
          role="toolbar"
        >
          <div
            class="MUIDataTableToolbar-left-178"
          >
            <div
              aria-hidden="true"
              class="MUIDataTableToolbar-titleRoot-180"
            >
              <h6
                class="MuiTypography-root MUIDataTableToolbar-titleText-181 MuiTypography-h6"
              >
                البضائع
              </h6>
            </div>
          </div>
          <div
            class="MUIDataTableToolbar-actions-179"
          >
            <button
              aria-label="بحث"
              class="MuiButtonBase-root MuiIconButton-root MUIDataTableToolbar-icon-182"
              data-testid="بحث-iconButton"
              tabindex="0"
              title="بحث"
              type="button"
            >
              <span
                class="MuiIconButton-label"
              >
                <svg
                  aria-hidden="true"
                  class="MuiSvgIcon-root"
                  focusable="false"
                  role="presentation"
                  viewBox="0 0 24 24"
                >
                  <path
                    d="M15.5 14h-.79l-.28-.27C15.41 12.59 16 11.11 16 9.5 16 5.91 13.09 3 9.5 3S3 5.91 3 9.5 5.91 16 9.5 16c1.61 0 3.09-.59 4.23-1.57l.27.28v.79l5 4.99L20.49 19l-4.99-5zm-6 0C7.01 14 5 11.99 5 9.5S7.01 5 9.5 5 14 7.01 14 9.5 11.99 14 9.5 14z"
                  />
                </svg>
              </span>
              <span
                class="MuiTouchRipple-root"
              />
            </button>
            <button
              aria-label="CSV تحميل"
              class="MuiButtonBase-root MuiIconButton-root MUIDataTableToolbar-icon-182"
              data-testid="CSV تحميل-iconButton"
              tabindex="0"
              title="CSV تحميل"
              type="button"
            >
              <span
                class="MuiIconButton-label"
              >
                <svg
                  aria-hidden="true"
                  class="MuiSvgIcon-root"
                  focusable="false"
                  role="presentation"
                  viewBox="0 0 24 24"
                >
                  <path
                    d="M19.35 10.04C18.67 6.59 15.64 4 12 4 9.11 4 6.6 5.64 5.35 8.04 2.34 8.36 0 10.91 0 14c0 3.31 2.69 6 6 6h13c2.76 0 5-2.24 5-5 0-2.64-2.05-4.78-4.65-4.96zM17 13l-5 5-5-5h3V9h4v4h3z"
                  />
                </svg>
              </span>
              <span
                class="MuiTouchRipple-root"
              />
            </button>
            <span>
              <span>
                <button
                  aria-label="طباعه"
                  class="MuiButtonBase-root MuiIconButton-root MUIDataTableToolbar-icon-182"
                  data-testid="طباعه-iconButton"
                  tabindex="0"
                  title="طباعه"
                  type="button"
                >
                  <span
                    class="MuiIconButton-label"
                  >
                    <svg
                      aria-hidden="true"
                      class="MuiSvgIcon-root"
                      focusable="false"
                      role="presentation"
                      viewBox="0 0 24 24"
                    >
                      <path
                        d="M19 8H5c-1.66 0-3 1.34-3 3v6h4v4h12v-4h4v-6c0-1.66-1.34-3-3-3zm-3 11H8v-5h8v5zm3-7c-.55 0-1-.45-1-1s.45-1 1-1 1 .45 1 1-.45 1-1 1zm-1-9H6v4h12V3z"
                      />
                    </svg>
                  </span>
                  <span
                    class="MuiTouchRipple-root"
                  />
                </button>
              </span>
            </span>
            <span>
              <button
                aria-label="عرض"
                class="MuiButtonBase-root MuiIconButton-root MUIDataTableToolbar-icon-182"
                data-testid="عرض-iconButton"
                tabindex="0"
                title="عرض"
                type="button"
              >
                <span
                  class="MuiIconButton-label"
                >
                  <svg
                    aria-hidden="true"
                    class="MuiSvgIcon-root"
                    focusable="false"
                    role="presentation"
                    viewBox="0 0 24 24"
                  >
                    <path
                      d="M10 18h5V5h-5v13zm-6 0h5V5H4v13zM16 5v13h5V5h-5z"
                    />
                  </svg>
                </span>
                <span
                  class="MuiTouchRipple-root"
                />
              </button>
            </span>
          </div>
        </div>
        <div
          class="MUIDataTableFilterList-root-249"
        />
        <div
          class="MUIDataTable-responsiveScrollMaxHeight-145"
          style="position: relative;"
        >
          <table
            class="MuiTable-root MUIDataTable-tableRoot-143"
            role="grid"
            tabindex="0"
          >
            <caption
              class="MUIDataTable-caption-148"
            >
              البضائع
            </caption>
            <thead
              class="MuiTableHead-root MUIDataTableHead-main-253"
            >
              <tr
                class="MuiTableRow-root MUIDataTableHeadRow-root-256 MuiTableRow-head"
              >
                <th
                  class="MuiTableCell-root MuiTableCell-head MUIDataTableSelectCell-root-262 MUIDataTableSelectCell-fixedHeaderCommon-264 MUIDataTableSelectCell-fixedHeaderXAxis-265 MUIDataTableSelectCell-fixedHeaderYAxis-266 MUIDataTableSelectCell-headerCell-270 MuiTableCell-paddingCheckbox"
                  scope="col"
                >
                  <div
                    style="display: flex; align-items: center;"
                  />
                </th>
                <th
                  class="MuiTableCell-root MuiTableCell-head MUIDataTableHeadCell-root-287 MUIDataTableHeadCell-fixedHeaderCommon-289 MUIDataTableHeadCell-fixedHeaderXAxis-290 MUIDataTableHeadCell-fixedHeaderYAxis-291"
                  scope="col"
                >
                  <span
                    class="MUIDataTableHeadCell-toolButton-298"
                    role="button"
                    tabindex="0"
                    title="ترتيب حسب اسم المنتج"
                  >
                    <div
                      class="MUIDataTableHeadCell-data-294"
                    >
                      اسم المنتج
                    </div>
                    <div
                      class="MUIDataTableHeadCell-sortAction-295"
                    >
                      <span
                        aria-disabled="false"
                        class="MuiButtonBase-root MuiTableSortLabel-root MUIDataTableHeadCell-sortLabelRoot-296"
                        role="button"
                        tabindex="0"
                      />
                    </div>
                  </span>
                </th>
                <th
                  class="MuiTableCell-root MuiTableCell-head MUIDataTableHeadCell-root-287 MUIDataTableHeadCell-fixedHeaderCommon-289 MUIDataTableHeadCell-fixedHeaderXAxis-290 MUIDataTableHeadCell-fixedHeaderYAxis-291"
                  scope="col"
                >
                  <span
                    class="MUIDataTableHeadCell-toolButton-298"
                    role="button"
                    tabindex="0"
                    title="ترتيب حسب SKU"
                  >
                    <div
                      class="MUIDataTableHeadCell-data-294"
                    >
                      SKU
                    </div>
                    <div
                      class="MUIDataTableHeadCell-sortAction-295"
                    >
                      <span
                        aria-disabled="false"
                        class="MuiButtonBase-root MuiTableSortLabel-root MUIDataTableHeadCell-sortLabelRoot-296"
                        role="button"
                        tabindex="0"
                      />
                    </div>
                  </span>
                </th>
                <th
                  class="MuiTableCell-root MuiTableCell-head MUIDataTableHeadCell-root-287 MUIDataTableHeadCell-fixedHeaderCommon-289 MUIDataTableHeadCell-fixedHeaderXAxis-290 MUIDataTableHeadCell-fixedHeaderYAxis-291"
                  scope="col"
                >
                  <span
                    class="MUIDataTableHeadCell-toolButton-298"
                    role="button"
                    tabindex="0"
                    title="ترتيب حسب سعر المنتج"
                  >
                    <div
                      class="MUIDataTableHeadCell-data-294"
                    >
                      سعر المنتج
                    </div>
                    <div
                      class="MUIDataTableHeadCell-sortAction-295"
                    >
                      <span
                        aria-disabled="false"
                        class="MuiButtonBase-root MuiTableSortLabel-root MUIDataTableHeadCell-sortLabelRoot-296"
                        role="button"
                        tabindex="0"
                      />
                    </div>
                  </span>
                </th>
              </tr>
            </thead>
            <tbody
              class="MuiTableBody-root"
            >
              <tr
                class="MuiTableRow-root MUIDataTableBodyRow-root-309 MUIDataTableBodyRow-hover-310 MUIDataTableBodyRow-hoverCursor-311 MuiTableRow-hover"
                data-testid="MUIDataTableBodyRow-0"
                id="MUIDataTableBodyRow-0"
              >
                <td
                  class="MuiTableCell-root MuiTableCell-body MUIDataTableSelectCell-root-262 MUIDataTableSelectCell-fixedHeaderCommon-264 MUIDataTableSelectCell-fixedHeaderXAxis-265 MUIDataTableSelectCell-fixedHeaderYAxis-266 MuiTableCell-paddingCheckbox"
                >
                  <div
                    style="display: flex; align-items: center;"
                  >
                    <span
                      aria-disabled="false"
                      class="MuiButtonBase-root MuiIconButton-root PrivateSwitchBase-root-319 MuiCheckbox-root MUIDataTableSelectCell-checkboxRoot-272 MuiCheckbox-colorPrimary MuiIconButton-colorPrimary"
                    >
                      <span
                        class="MuiIconButton-label"
                      >
                        <input
                          class="PrivateSwitchBase-input-322"
                          data-indeterminate="false"
                          id="MUIDataTableSelectCell-0"
                          type="checkbox"
                          value=""
                        />
                        <svg
                          aria-hidden="true"
                          class="MuiSvgIcon-root"
                          focusable="false"
                          role="presentation"
                          viewBox="0 0 24 24"
                        >
                          <path
                            d="M19 5v14H5V5h14m0-2H5c-1.1 0-2 .9-2 2v14c0 1.1.9 2 2 2h14c1.1 0 2-.9 2-2V5c0-1.1-.9-2-2-2z"
                          />
                        </svg>
                      </span>
                      <span
                        class="MuiTouchRipple-root"
                      />
                    </span>
                  </div>
                </td>
                <td
                  class="MuiTableCell-root MuiTableCell-body MUIDataTableBodyCell-root-323 MUIDataTableBodyCell-cellHide-324"
                >
                  اسم المنتج
                </td>
                <td
                  class="MuiTableCell-root MuiTableCell-body MUIDataTableBodyCell-root-323"
                  data-testid="MuiDataTableBodyCell-1-0"
                />
                <td
                  class="MuiTableCell-root MuiTableCell-body MUIDataTableBodyCell-root-323 MUIDataTableBodyCell-cellHide-324"
                >
                  SKU
                </td>
                <td
                  class="MuiTableCell-root MuiTableCell-body MUIDataTableBodyCell-root-323"
                  data-testid="MuiDataTableBodyCell-2-0"
                />
                <td
                  class="MuiTableCell-root MuiTableCell-body MUIDataTableBodyCell-root-323 MUIDataTableBodyCell-cellHide-324"
                >
                  سعر المنتج
                </td>
                <td
                  class="MuiTableCell-root MuiTableCell-body MUIDataTableBodyCell-root-323"
                  data-testid="MuiDataTableBodyCell-3-0"
                />
              </tr>
              <tr
                class="MuiTableRow-root MUIDataTableBodyRow-root-309 MUIDataTableBodyRow-hover-310 MUIDataTableBodyRow-hoverCursor-311 MuiTableRow-hover"
                data-testid="MUIDataTableBodyRow-1"
                id="MUIDataTableBodyRow-1"
              >
                <td
                  class="MuiTableCell-root MuiTableCell-body MUIDataTableSelectCell-root-262 MUIDataTableSelectCell-fixedHeaderCommon-264 MUIDataTableSelectCell-fixedHeaderXAxis-265 MUIDataTableSelectCell-fixedHeaderYAxis-266 MuiTableCell-paddingCheckbox"
                >
                  <div
                    style="display: flex; align-items: center;"
                  >
                    <span
                      aria-disabled="false"
                      class="MuiButtonBase-root MuiIconButton-root PrivateSwitchBase-root-319 MuiCheckbox-root MUIDataTableSelectCell-checkboxRoot-272 MuiCheckbox-colorPrimary MuiIconButton-colorPrimary"
                    >
                      <span
                        class="MuiIconButton-label"
                      >
                        <input
                          class="PrivateSwitchBase-input-322"
                          data-indeterminate="false"
                          id="MUIDataTableSelectCell-1"
                          type="checkbox"
                          value=""
                        />
                        <svg
                          aria-hidden="true"
                          class="MuiSvgIcon-root"
                          focusable="false"
                          role="presentation"
                          viewBox="0 0 24 24"
                        >
                          <path
                            d="M19 5v14H5V5h14m0-2H5c-1.1 0-2 .9-2 2v14c0 1.1.9 2 2 2h14c1.1 0 2-.9 2-2V5c0-1.1-.9-2-2-2z"
                          />
                        </svg>
                      </span>
                      <span
                        class="MuiTouchRipple-root"
                      />
                    </span>
                  </div>
                </td>
                <td
                  class="MuiTableCell-root MuiTableCell-body MUIDataTableBodyCell-root-323 MUIDataTableBodyCell-cellHide-324"
                >
                  اسم المنتج
                </td>
                <td
                  class="MuiTableCell-root MuiTableCell-body MUIDataTableBodyCell-root-323"
                  data-testid="MuiDataTableBodyCell-1-1"
                />
                <td
                  class="MuiTableCell-root MuiTableCell-body MUIDataTableBodyCell-root-323 MUIDataTableBodyCell-cellHide-324"
                >
                  SKU
                </td>
                <td
                  class="MuiTableCell-root MuiTableCell-body MUIDataTableBodyCell-root-323"
                  data-testid="MuiDataTableBodyCell-2-1"
                />
                <td
                  class="MuiTableCell-root MuiTableCell-body MUIDataTableBodyCell-root-323 MUIDataTableBodyCell-cellHide-324"
                >
                  سعر المنتج
                </td>
                <td
                  class="MuiTableCell-root MuiTableCell-body MUIDataTableBodyCell-root-323"
                  data-testid="MuiDataTableBodyCell-3-1"
                />
              </tr>
            </tbody>
          </table>
        </div>
        <table
          class="MuiTable-root"
        >
          <tfoot
            class="MuiTableFooter-root"
          >
            <tr
              class="MuiTableRow-root MuiTableRow-footer"
            >
              <td
                class="MuiTableCell-root MuiTableCell-footer MuiTablePagination-root MUIDataTablePagination-root-327"
                colspan="1000"
              >
                <div
                  class="MuiToolbar-root MuiToolbar-regular MuiTablePagination-toolbar MUIDataTablePagination-toolbar-328 MuiToolbar-gutters"
                >
                  <div
                    class="MuiTablePagination-spacer"
                  />
                  <p
                    class="MuiTypography-root MuiTablePagination-caption MuiTypography-body2 MuiTypography-colorInherit"
                  >
                    عدد الصفوف:
                  </p>
                  <div
                    class="MuiInputBase-root MuiTablePagination-input MuiTablePagination-selectRoot MUIDataTablePagination-selectRoot-329"
                  >
                    <div
                      aria-haspopup="listbox"
                      aria-labelledby=" pagination-rows"
                      class="MuiSelect-root MuiSelect-select MuiTablePagination-select MuiSelect-selectMenu MuiInputBase-input MuiInputBase-inputSelect"
                      data-testid="pagination-rows"
                      id="pagination-rows"
                      role="button"
                      tabindex="0"
                    >
                      10
                    </div>
                    <input
                      type="hidden"
                      value="10"
                    />
                    <svg
                      aria-hidden="true"
                      class="MuiSvgIcon-root MuiSelect-icon MuiTablePagination-selectIcon"
                      focusable="false"
                      role="presentation"
                      viewBox="0 0 24 24"
                    >
                      <path
                        d="M7 10l5 5 5-5z"
                      />
                    </svg>
                  </div>
                  <p
                    class="MuiTypography-root MuiTablePagination-caption MuiTypography-body2 MuiTypography-colorInherit"
                  >
                    1-2 من 2
                  </p>
                  <div
                    class="MuiTablePagination-actions"
                  >
                    <button
                      aria-label="الصفحه السابقه"
                      class="MuiButtonBase-root MuiIconButton-root MuiIconButton-colorInherit Mui-disabled Mui-disabled"
                      data-testid="pagination-back"
                      disabled=""
                      id="pagination-back"
                      tabindex="-1"
                      type="button"
                    >
                      <span
                        class="MuiIconButton-label"
                      >
                        <svg
                          aria-hidden="true"
                          class="MuiSvgIcon-root"
                          focusable="false"
                          role="presentation"
                          viewBox="0 0 24 24"
                        >
                          <path
                            d="M15.41 16.09l-4.58-4.59 4.58-4.59L14 5.5l-6 6 6 6z"
                          />
                        </svg>
                      </span>
                    </button>
                    <button
                      aria-label="الصفحه التاليه"
                      class="MuiButtonBase-root MuiIconButton-root MuiIconButton-colorInherit Mui-disabled Mui-disabled"
                      data-testid="pagination-next"
                      disabled=""
                      id="pagination-next"
                      tabindex="-1"
                      type="button"
                    >
                      <span
                        class="MuiIconButton-label"
                      >
                        <svg
                          aria-hidden="true"
                          class="MuiSvgIcon-root"
                          focusable="false"
                          role="presentation"
                          viewBox="0 0 24 24"
                        >
                          <path
                            d="M8.59 16.34l4.58-4.59-4.58-4.59L10 5.75l6 6-6 6z"
                          />
                        </svg>
                      </span>
                    </button>
                  </div>
                </div>
              </td>
            </tr>
          </tfoot>
        </table>
        <div
          aria-live="polite"
          class="MUIDataTable-liveAnnounce-149"
        />
      </div>
    </div>
  </div>
</DocumentFragment>
`;
