// Jest Snapshot v1, https://goo.gl/fbAQLP

exports[`SaleDetails should match snapshot 1`] = `ShallowWrapper {}`;
