// Jest Snapshot v1, https://goo.gl/fbAQLP

exports[`renders correctly 1`] = `"<div class=\\"makeStyles-root-1\\" dir=\\"rtl\\"><div class=\\"MuiGrid-root tableContainer makeStyles-tableContainerFW-7\\"><div class=\\"MuiPaper-root MuiPaper-elevation2 MuiPaper-rounded\\" style=\\"position:relative\\"><div class=\\"MuiGrid-root MuiGrid-grid-lg-12\\"><div class=\\"filterContainer\\"><div class=\\"MuiGrid-root filterTitle MuiGrid-grid-lg-3\\"><label>تصفية النتائج:</label></div><div class=\\"MuiGrid-root filterInputContainer MuiGrid-grid-lg-9\\"><div><label>من</label><div class=\\"react-datepicker-wrapper\\"><div class=\\"react-datepicker__input-container\\"><input type=\\"text\\" value=\\"11/26/2019\\" class=\\"\\"/></div></div></div><div><label>الي</label><div class=\\"react-datepicker-wrapper\\"><div class=\\"react-datepicker__input-container\\"><input type=\\"text\\" value=\\"11/26/2019\\" class=\\"\\"/></div></div></div><button class=\\"MuiButtonBase-root MuiButton-root MuiButton-contained MuiButton-containedPrimary MuiButton-containedSizeSmall MuiButton-sizeSmall\\" tabindex=\\"0\\" type=\\"button\\"><span class=\\"MuiButton-label\\">عرض</span></button></div></div><div class=\\"MuiToolbar-root MuiToolbar-regular MTableToolbar-root-174 MuiToolbar-gutters\\"><div class=\\"MTableToolbar-title-178\\"><h6 class=\\"MuiTypography-root MuiTypography-h6\\">المبيعات</h6></div><div class=\\"MTableToolbar-spacer-176\\"></div><div class=\\"MuiFormControl-root MuiTextField-root MTableToolbar-searchField-179\\"><div class=\\"MuiInputBase-root MuiInput-root MuiInput-underline MuiInputBase-formControl MuiInput-formControl MuiInputBase-adornedStart MuiInputBase-adornedEnd\\"><div class=\\"MuiInputAdornment-root MuiInputAdornment-positionStart\\"><span class=\\"material-icons MuiIcon-root MuiIcon-fontSizeSmall\\" aria-hidden=\\"true\\" title=\\"بحث\\">search</span></div><input type=\\"text\\" aria-invalid=\\"false\\" placeholder=\\"بحث\\" value=\\"\\" class=\\"MuiInputBase-input MuiInput-input MuiInputBase-inputAdornedStart MuiInputBase-inputAdornedEnd\\"/><div class=\\"MuiInputAdornment-root MuiInputAdornment-positionEnd\\"><button class=\\"MuiButtonBase-root MuiIconButton-root Mui-disabled Mui-disabled\\" tabindex=\\"-1\\" type=\\"button\\" disabled=\\"\\"><span class=\\"MuiIconButton-label\\"><span class=\\"material-icons MuiIcon-root MuiIcon-fontSizeSmall\\" aria-hidden=\\"true\\">clear</span></span></button></div></div></div><div class=\\"MTableToolbar-actions-177\\"><div><div><span></span></div></div></div></div></div><div style=\\"overflow-x:auto\\"><div><div style=\\"overflow-y:auto\\"><table class=\\"MuiTable-root\\"><thead class=\\"MuiTableHead-root\\"><tr class=\\"MuiTableRow-root MuiTableRow-head\\"><th class=\\"MuiTableCell-root MuiTableCell-head MTableHeader-header-289 MuiTableCell-paddingCheckbox\\" scope=\\"col\\" style=\\"z-index:0;text-align:center\\"><span class=\\"MuiButtonBase-root MuiTableSortLabel-root Mui-disabled\\" tabindex=\\"-1\\" role=\\"button\\" aria-disabled=\\"true\\">عمليات<svg class=\\"MuiSvgIcon-root MuiTableSortLabel-icon MuiTableSortLabel-iconDirectionDesc\\" focusable=\\"false\\" viewBox=\\"0 0 24 24\\" aria-hidden=\\"true\\" role=\\"presentation\\"><path d=\\"M20 12l-1.41-1.41L13 16.17V4h-2v12.17l-5.58-5.59L4 12l8 8 8-8z\\"></path></svg></span></th><th class=\\"MuiTableCell-root MuiTableCell-head MTableHeader-header-289 MuiTableCell-alignLeft\\" scope=\\"col\\" style=\\"z-index:0\\"><span class=\\"MuiButtonBase-root MuiTableSortLabel-root\\" tabindex=\\"0\\" role=\\"button\\" aria-disabled=\\"false\\"><div data-react-beautiful-dnd-draggable=\\"0\\" tabindex=\\"0\\" data-react-beautiful-dnd-drag-handle=\\"0\\" aria-roledescription=\\"Draggable item. Press space bar to lift\\" draggable=\\"false\\">اسم العميل</div><span class=\\"material-icons MuiIcon-root MuiTableSortLabel-icon MuiTableSortLabel-iconDirectionAsc\\" aria-hidden=\\"true\\">arrow_downward</span></span></th><th class=\\"MuiTableCell-root MuiTableCell-head MTableHeader-header-289 MuiTableCell-alignLeft\\" scope=\\"col\\" style=\\"z-index:0\\"><span class=\\"MuiButtonBase-root MuiTableSortLabel-root\\" tabindex=\\"0\\" role=\\"button\\" aria-disabled=\\"false\\"><div data-react-beautiful-dnd-draggable=\\"0\\" tabindex=\\"0\\" data-react-beautiful-dnd-drag-handle=\\"0\\" aria-roledescription=\\"Draggable item. Press space bar to lift\\" draggable=\\"false\\">الحساب الكلي</div><span class=\\"material-icons MuiIcon-root MuiTableSortLabel-icon MuiTableSortLabel-iconDirectionAsc\\" aria-hidden=\\"true\\">arrow_downward</span></span></th><th class=\\"MuiTableCell-root MuiTableCell-head MTableHeader-header-289 MuiTableCell-alignLeft\\" scope=\\"col\\" style=\\"z-index:0\\"><span class=\\"MuiButtonBase-root MuiTableSortLabel-root\\" tabindex=\\"0\\" role=\\"button\\" aria-disabled=\\"false\\"><div data-react-beautiful-dnd-draggable=\\"0\\" tabindex=\\"0\\" data-react-beautiful-dnd-drag-handle=\\"0\\" aria-roledescription=\\"Draggable item. Press space bar to lift\\" draggable=\\"false\\">التاريخ</div><span class=\\"material-icons MuiIcon-root MuiTableSortLabel-icon MuiTableSortLabel-iconDirectionAsc\\" aria-hidden=\\"true\\">arrow_downward</span></span></th></tr></thead><tbody class=\\"MuiTableBody-root\\"><tr class=\\"MuiTableRow-root\\" style=\\"height:245px\\"><td class=\\"MuiTableCell-root MuiTableCell-body\\" style=\\"padding-top:0;padding-bottom:0;text-align:center\\" colSpan=\\"4\\">لا يوجد بيانات لعرضها</td></tr></tbody></table></div></div></div><table class=\\"MuiTable-root\\"><tfoot class=\\"MuiTableFooter-root\\" style=\\"display:grid\\"><tr class=\\"MuiTableRow-root MuiTableRow-footer\\"><td class=\\"MuiTableCell-root MuiTableCell-footer MuiTablePagination-root Component-paginationRoot-112\\" colSpan=\\"3\\" style=\\"float:right;overflow-x:auto\\" icons=\\"[object Object]\\"><div class=\\"MuiToolbar-root MuiToolbar-regular MuiTablePagination-toolbar Component-paginationToolbar-113 MuiToolbar-gutters\\"><div class=\\"MuiTablePagination-spacer\\"></div><p class=\\"MuiTypography-root MuiTablePagination-caption Component-paginationCaption-114 MuiTypography-body2 MuiTypography-colorInherit\\">Rows per page:</p><div class=\\"MuiInputBase-root MuiTablePagination-input MuiTablePagination-selectRoot Component-paginationSelectRoot-115\\"><div class=\\"MuiSelect-root MuiSelect-select MuiTablePagination-select MuiSelect-selectMenu MuiInputBase-input MuiInputBase-inputSelect\\" tabindex=\\"0\\" role=\\"button\\" aria-labelledby=\\" \\" aria-haspopup=\\"listbox\\"><div style=\\"padding:0px 5px\\">5 مبيعات </div></div><input type=\\"hidden\\" value=\\"5\\"/><svg class=\\"MuiSvgIcon-root MuiSelect-icon MuiTablePagination-selectIcon\\" focusable=\\"false\\" viewBox=\\"0 0 24 24\\" aria-hidden=\\"true\\" role=\\"presentation\\"><path d=\\"M7 10l5 5 5-5z\\"></path></svg></div><p class=\\"MuiTypography-root MuiTablePagination-caption Component-paginationCaption-114 MuiTypography-body2 MuiTypography-colorInherit\\">0-0 من 0</p><div class=\\"MTablePaginationInner-root-348\\"><span title=\\"الصفحه الاولى\\" class=\\"\\"><button class=\\"MuiButtonBase-root MuiIconButton-root Mui-disabled Mui-disabled\\" tabindex=\\"-1\\" type=\\"button\\" disabled=\\"\\" aria-label=\\"الصفحه الاولى\\"><span class=\\"MuiIconButton-label\\"><span class=\\"material-icons MuiIcon-root\\" aria-hidden=\\"true\\">first_page</span></span></button></span><span title=\\"الصفحه السابقه\\" class=\\"\\"><button class=\\"MuiButtonBase-root MuiIconButton-root Mui-disabled Mui-disabled\\" tabindex=\\"-1\\" type=\\"button\\" disabled=\\"\\" aria-label=\\"الصفحه السابقه\\"><span class=\\"MuiIconButton-label\\"><span class=\\"material-icons MuiIcon-root\\" aria-hidden=\\"true\\">chevron_left</span></span></button></span><span class=\\"MuiTypography-root MuiTypography-caption\\" style=\\"flex:1;text-align:center;align-self:center;flex-basis:inherit\\">1-0 من 0</span><span title=\\"الصفحه التاليه\\" class=\\"\\"><button class=\\"MuiButtonBase-root MuiIconButton-root Mui-disabled Mui-disabled\\" tabindex=\\"-1\\" type=\\"button\\" disabled=\\"\\" aria-label=\\"الصفحه التاليه\\"><span class=\\"MuiIconButton-label\\"><span class=\\"material-icons MuiIcon-root\\" aria-hidden=\\"true\\">chevron_right</span></span></button></span><span title=\\"الصفحه الأخيره\\" class=\\"\\"><button class=\\"MuiButtonBase-root MuiIconButton-root Mui-disabled Mui-disabled\\" tabindex=\\"-1\\" type=\\"button\\" disabled=\\"\\" aria-label=\\"الصفحه الأخيره\\"><span class=\\"MuiIconButton-label\\"><span class=\\"material-icons MuiIcon-root\\" aria-hidden=\\"true\\">last_page</span></span></button></span></div></div></td></tr></tfoot></table></div></div></div>"`;
