// Jest Snapshot v1, https://goo.gl/fbAQLP

exports[`renders correctly 1`] = `"<div dir=\\"rtl\\" class=\\"makeStyles-root-1\\"><div class=\\"MuiGrid-root makeStyles-tableContainer-5\\"><button class=\\"MuiButtonBase-root MuiButton-root MuiButton-contained makeStyles-addButton-2 MuiButton-containedPrimary\\" tabindex=\\"0\\" type=\\"button\\" id=\\"add-user-button\\"><span class=\\"MuiButton-label\\">اضافه موظف جديد</span></button><div class=\\"MuiPaper-root MuiPaper-elevation2 MuiPaper-rounded\\" style=\\"position:relative\\"><div class=\\"MuiToolbar-root MuiToolbar-regular MTableToolbar-root-172 MuiToolbar-gutters\\"><div class=\\"MTableToolbar-title-176\\"><h6 class=\\"MuiTypography-root MuiTypography-h6\\">المستخدمين</h6></div><div class=\\"MTableToolbar-spacer-174\\"></div><div class=\\"MuiFormControl-root MuiTextField-root MTableToolbar-searchField-177\\"><div class=\\"MuiInputBase-root MuiInput-root MuiInput-underline MuiInputBase-formControl MuiInput-formControl MuiInputBase-adornedStart MuiInputBase-adornedEnd\\"><div class=\\"MuiInputAdornment-root MuiInputAdornment-positionStart\\"><span class=\\"material-icons MuiIcon-root MuiIcon-fontSizeSmall\\" aria-hidden=\\"true\\" title=\\"بحث\\">search</span></div><input type=\\"text\\" aria-invalid=\\"false\\" placeholder=\\"بحث\\" value=\\"\\" class=\\"MuiInputBase-input MuiInput-input MuiInputBase-inputAdornedStart MuiInputBase-inputAdornedEnd\\"/><div class=\\"MuiInputAdornment-root MuiInputAdornment-positionEnd\\"><button class=\\"MuiButtonBase-root MuiIconButton-root Mui-disabled Mui-disabled\\" tabindex=\\"-1\\" type=\\"button\\" disabled=\\"\\"><span class=\\"MuiIconButton-label\\"><span class=\\"material-icons MuiIcon-root MuiIcon-fontSizeSmall\\" aria-hidden=\\"true\\">clear</span></span></button></div></div></div><div class=\\"MTableToolbar-actions-175\\"><div><div><span></span></div></div></div></div><div style=\\"overflow-x:auto\\"><div><div style=\\"overflow-y:auto\\"><table class=\\"MuiTable-root\\"><thead class=\\"MuiTableHead-root\\"><tr class=\\"MuiTableRow-root MuiTableRow-head\\"><th class=\\"MuiTableCell-root MuiTableCell-head MTableHeader-header-287 MuiTableCell-paddingCheckbox\\" scope=\\"col\\" style=\\"text-align:center\\"><span class=\\"MuiButtonBase-root MuiTableSortLabel-root Mui-disabled\\" tabindex=\\"-1\\" role=\\"button\\" aria-disabled=\\"true\\">عمليات<svg class=\\"MuiSvgIcon-root MuiTableSortLabel-icon MuiTableSortLabel-iconDirectionDesc\\" focusable=\\"false\\" viewBox=\\"0 0 24 24\\" aria-hidden=\\"true\\" role=\\"presentation\\"><path d=\\"M20 12l-1.41-1.41L13 16.17V4h-2v12.17l-5.58-5.59L4 12l8 8 8-8z\\"></path></svg></span></th><th class=\\"MuiTableCell-root MuiTableCell-head MTableHeader-header-287 MuiTableCell-alignLeft\\" scope=\\"col\\"><span class=\\"MuiButtonBase-root MuiTableSortLabel-root\\" tabindex=\\"0\\" role=\\"button\\" aria-disabled=\\"false\\"><div data-react-beautiful-dnd-draggable=\\"0\\" tabindex=\\"0\\" data-react-beautiful-dnd-drag-handle=\\"0\\" aria-roledescription=\\"Draggable item. Press space bar to lift\\" draggable=\\"false\\">أسم المستخدم</div><span class=\\"material-icons MuiIcon-root MuiTableSortLabel-icon MuiTableSortLabel-iconDirectionAsc\\" aria-hidden=\\"true\\">arrow_downward</span></span></th><th class=\\"MuiTableCell-root MuiTableCell-head MTableHeader-header-287 MuiTableCell-alignLeft\\" scope=\\"col\\"><span class=\\"MuiButtonBase-root MuiTableSortLabel-root\\" tabindex=\\"0\\" role=\\"button\\" aria-disabled=\\"false\\"><div data-react-beautiful-dnd-draggable=\\"0\\" tabindex=\\"0\\" data-react-beautiful-dnd-drag-handle=\\"0\\" aria-roledescription=\\"Draggable item. Press space bar to lift\\" draggable=\\"false\\">رقم الموبايل</div><span class=\\"material-icons MuiIcon-root MuiTableSortLabel-icon MuiTableSortLabel-iconDirectionAsc\\" aria-hidden=\\"true\\">arrow_downward</span></span></th><th class=\\"MuiTableCell-root MuiTableCell-head MTableHeader-header-287 MuiTableCell-alignLeft\\" scope=\\"col\\"><span class=\\"MuiButtonBase-root MuiTableSortLabel-root\\" tabindex=\\"0\\" role=\\"button\\" aria-disabled=\\"false\\"><div data-react-beautiful-dnd-draggable=\\"0\\" tabindex=\\"0\\" data-react-beautiful-dnd-drag-handle=\\"0\\" aria-roledescription=\\"Draggable item. Press space bar to lift\\" draggable=\\"false\\">رقم البطاقه</div><span class=\\"material-icons MuiIcon-root MuiTableSortLabel-icon MuiTableSortLabel-iconDirectionAsc\\" aria-hidden=\\"true\\">arrow_downward</span></span></th><th class=\\"MuiTableCell-root MuiTableCell-head MTableHeader-header-287 MuiTableCell-alignLeft\\" scope=\\"col\\"><span class=\\"MuiButtonBase-root MuiTableSortLabel-root\\" tabindex=\\"0\\" role=\\"button\\" aria-disabled=\\"false\\"><div data-react-beautiful-dnd-draggable=\\"0\\" tabindex=\\"0\\" data-react-beautiful-dnd-drag-handle=\\"0\\" aria-roledescription=\\"Draggable item. Press space bar to lift\\" draggable=\\"false\\">اسم تسجيل الدخول</div><span class=\\"material-icons MuiIcon-root MuiTableSortLabel-icon MuiTableSortLabel-iconDirectionAsc\\" aria-hidden=\\"true\\">arrow_downward</span></span></th><th class=\\"MuiTableCell-root MuiTableCell-head MTableHeader-header-287 MuiTableCell-alignLeft\\" scope=\\"col\\"><span class=\\"MuiButtonBase-root MuiTableSortLabel-root\\" tabindex=\\"0\\" role=\\"button\\" aria-disabled=\\"false\\"><div data-react-beautiful-dnd-draggable=\\"0\\" tabindex=\\"0\\" data-react-beautiful-dnd-drag-handle=\\"0\\" aria-roledescription=\\"Draggable item. Press space bar to lift\\" draggable=\\"false\\">تاريخ الاضافه</div><span class=\\"material-icons MuiIcon-root MuiTableSortLabel-icon MuiTableSortLabel-iconDirectionAsc\\" aria-hidden=\\"true\\">arrow_downward</span></span></th></tr></thead><tbody class=\\"MuiTableBody-root\\"><tr class=\\"MuiTableRow-root\\" index=\\"0\\" level=\\"0\\" path=\\"0\\" style=\\"transition:all ease 300ms\\"><td class=\\"MuiTableCell-root MuiTableCell-body MuiTableCell-paddingNone\\" style=\\"width:42px;padding:0px 5px\\"><div style=\\"display:flex\\"><button class=\\"MuiButtonBase-root MuiIconButton-root MuiIconButton-colorInherit\\" tabindex=\\"0\\" type=\\"button\\" title=\\"تفاصيل الموزع\\"><span class=\\"MuiIconButton-label\\"><span class=\\"material-icons MuiIcon-root MuiIcon-colorPrimary\\" aria-hidden=\\"true\\">help</span></span></button></div></td><td class=\\"MuiTableCell-root MuiTableCell-body MuiTableCell-alignLeft\\" style=\\"color:inherit\\">first name second name</td><td class=\\"MuiTableCell-root MuiTableCell-body MuiTableCell-alignLeft\\" value=\\"01099234802\\" style=\\"color:inherit\\">01099234802</td><td class=\\"MuiTableCell-root MuiTableCell-body MuiTableCell-alignLeft\\" value=\\"29505050103981\\" style=\\"color:inherit\\">29505050103981</td><td class=\\"MuiTableCell-root MuiTableCell-body MuiTableCell-alignLeft\\" value=\\"omarmmali\\" style=\\"color:inherit\\">omarmmali</td><td class=\\"MuiTableCell-root MuiTableCell-body MuiTableCell-alignLeft\\" style=\\"color:inherit\\">12:00:00 AM 5/5/1995</td></tr><tr class=\\"MuiTableRow-root\\" style=\\"height:49px\\"></tr><tr class=\\"MuiTableRow-root\\" style=\\"height:49px\\"></tr><tr class=\\"MuiTableRow-root\\" style=\\"height:49px\\"></tr><tr class=\\"MuiTableRow-root\\" style=\\"height:49px\\"></tr><tr class=\\"MuiTableRow-root\\" style=\\"height:1px\\"></tr></tbody></table></div></div></div><table class=\\"MuiTable-root\\"><tfoot class=\\"MuiTableFooter-root\\" style=\\"display:grid\\"><tr class=\\"MuiTableRow-root MuiTableRow-footer\\"><td class=\\"MuiTableCell-root MuiTableCell-footer MuiTablePagination-root Component-paginationRoot-141\\" colSpan=\\"3\\" style=\\"float:right;overflow-x:auto\\" icons=\\"[object Object]\\"><div class=\\"MuiToolbar-root MuiToolbar-regular MuiTablePagination-toolbar Component-paginationToolbar-142 MuiToolbar-gutters\\"><div class=\\"MuiTablePagination-spacer\\"></div><p class=\\"MuiTypography-root MuiTablePagination-caption Component-paginationCaption-143 MuiTypography-body2 MuiTypography-colorInherit\\">Rows per page:</p><div class=\\"MuiInputBase-root MuiTablePagination-input MuiTablePagination-selectRoot Component-paginationSelectRoot-144\\"><div class=\\"MuiSelect-root MuiSelect-select MuiTablePagination-select MuiSelect-selectMenu MuiInputBase-input MuiInputBase-inputSelect\\" tabindex=\\"0\\" role=\\"button\\" aria-labelledby=\\" \\" aria-haspopup=\\"listbox\\"><div style=\\"padding:0px 5px\\">5 موظفين </div></div><input type=\\"hidden\\" value=\\"5\\"/><svg class=\\"MuiSvgIcon-root MuiSelect-icon MuiTablePagination-selectIcon\\" focusable=\\"false\\" viewBox=\\"0 0 24 24\\" aria-hidden=\\"true\\" role=\\"presentation\\"><path d=\\"M7 10l5 5 5-5z\\"></path></svg></div><p class=\\"MuiTypography-root MuiTablePagination-caption Component-paginationCaption-143 MuiTypography-body2 MuiTypography-colorInherit\\">1-1 من 1</p><div class=\\"MTablePaginationInner-root-346\\"><span title=\\"الصفحه الاولى\\" class=\\"\\"><button class=\\"MuiButtonBase-root MuiIconButton-root Mui-disabled Mui-disabled\\" tabindex=\\"-1\\" type=\\"button\\" disabled=\\"\\" aria-label=\\"الصفحه الاولى\\"><span class=\\"MuiIconButton-label\\"><span class=\\"material-icons MuiIcon-root\\" aria-hidden=\\"true\\">first_page</span></span></button></span><span title=\\"الصفحه السابقه\\" class=\\"\\"><button class=\\"MuiButtonBase-root MuiIconButton-root Mui-disabled Mui-disabled\\" tabindex=\\"-1\\" type=\\"button\\" disabled=\\"\\" aria-label=\\"الصفحه السابقه\\"><span class=\\"MuiIconButton-label\\"><span class=\\"material-icons MuiIcon-root\\" aria-hidden=\\"true\\">chevron_left</span></span></button></span><span class=\\"MuiTypography-root MuiTypography-caption\\" style=\\"flex:1;text-align:center;align-self:center;flex-basis:inherit\\">1-1 من 1</span><span title=\\"الصفحه التاليه\\" class=\\"\\"><button class=\\"MuiButtonBase-root MuiIconButton-root Mui-disabled Mui-disabled\\" tabindex=\\"-1\\" type=\\"button\\" disabled=\\"\\" aria-label=\\"الصفحه التاليه\\"><span class=\\"MuiIconButton-label\\"><span class=\\"material-icons MuiIcon-root\\" aria-hidden=\\"true\\">chevron_right</span></span></button></span><span title=\\"الصفحه الأخيره\\" class=\\"\\"><button class=\\"MuiButtonBase-root MuiIconButton-root Mui-disabled Mui-disabled\\" tabindex=\\"-1\\" type=\\"button\\" disabled=\\"\\" aria-label=\\"الصفحه الأخيره\\"><span class=\\"MuiIconButton-label\\"><span class=\\"material-icons MuiIcon-root\\" aria-hidden=\\"true\\">last_page</span></span></button></span></div></div></td></tr></tfoot></table></div></div></div>"`;
