// Jest Snapshot v1, https://goo.gl/fbAQLP

exports[`Question Roaster View should match snapshot 1`] = `<DocumentFragment />`;
